Parsed: 19 lines, 20 ids, 1 strings, 0 chars, 1 ints, 0 hex,   0 floats,    0 //s, 0 /**/s,   0 #foo
