../tests/backslashes-in-short-comment-near-end.c:1:1: TOK 0 (L = 6): "struct"
../tests/backslashes-in-short-comment-near-end.c:1:8: TOK 0 (L = 6): "foobar"
../tests/backslashes-in-short-comment-near-end.c:2:1: TOK 1 (L = 1): "{"
../tests/backslashes-in-short-comment-near-end.c:3:5: TOK 0 (L = 3): "int"
../tests/backslashes-in-short-comment-near-end.c:3:9: TOK 0 (L = 1): "a"
../tests/backslashes-in-short-comment-near-end.c:3:10: TOK 1 (L = 1): ";"
../tests/backslashes-in-short-comment-near-end.c:4:5: TOK 0 (L = 3): "int"
../tests/backslashes-in-short-comment-near-end.c:4:9: TOK 0 (L = 1): "b"
../tests/backslashes-in-short-comment-near-end.c:4:10: TOK 1 (L = 1): ";"
../tests/backslashes-in-short-comment-near-end.c:5:5: TOK 0 (L = 3): "itn"
../tests/backslashes-in-short-comment-near-end.c:5:9: TOK 0 (L = 1): "c"
../tests/backslashes-in-short-comment-near-end.c:5:10: TOK 1 (L = 1): ";"
../tests/backslashes-in-short-comment-near-end.c:6:5: TOK 0 (L = 3): "int"
../tests/backslashes-in-short-comment-near-end.c:6:9: TOK 0 (L = 1): "d"
../tests/backslashes-in-short-comment-near-end.c:6:10: TOK 1 (L = 1): ";"
../tests/backslashes-in-short-comment-near-end.c:7:1: TOK 1 (L = 1): "}"
../tests/backslashes-in-short-comment-near-end.c:7:2: TOK 1 (L = 1): ";"
../tests/backslashes-in-short-comment-near-end.c:10:1: TOK 0 (L = 3): "int"
../tests/backslashes-in-short-comment-near-end.c:11:1: TOK 0 (L = 4): "main"
../tests/backslashes-in-short-comment-near-end.c:11:5: TOK 1 (L = 1): "("
../tests/backslashes-in-short-comment-near-end.c:11:6: TOK 0 (L = 3): "int"
../tests/backslashes-in-short-comment-near-end.c:11:10: TOK 0 (L = 4): "argc"
../tests/backslashes-in-short-comment-near-end.c:11:14: TOK 1 (L = 1): ","
../tests/backslashes-in-short-comment-near-end.c:11:16: TOK 0 (L = 4): "char"
../tests/backslashes-in-short-comment-near-end.c:11:20: TOK 1 (L = 1): "*"
../tests/backslashes-in-short-comment-near-end.c:11:21: TOK 1 (L = 1): "*"
../tests/backslashes-in-short-comment-near-end.c:11:23: TOK 0 (L = 4): "argv"
../tests/backslashes-in-short-comment-near-end.c:11:27: TOK 1 (L = 1): ")"
../tests/backslashes-in-short-comment-near-end.c:12:1: TOK 1 (L = 1): "{"
../tests/backslashes-in-short-comment-near-end.c:13:5: TOK 0 (L = 4): "char"
../tests/backslashes-in-short-comment-near-end.c:13:10: TOK 0 (L = 5): "const"
../tests/backslashes-in-short-comment-near-end.c:13:15: TOK 1 (L = 1): "*"
../tests/backslashes-in-short-comment-near-end.c:13:17: TOK 0 (L = 3): "foo"
../tests/backslashes-in-short-comment-near-end.c:13:21: TOK 1 (L = 1): "="
../tests/backslashes-in-short-comment-near-end.c:17:1: TOK 0 (L = 6): "foobar"
../tests/backslashes-in-short-comment-near-end.c:17:8: TOK 1 (L = 2): "<="
../tests/backslashes-in-short-comment-near-end.c:17:11: TOK 2 (L = 1): "0"
Parsed: 18 lines, 20 ids, 0 strings, 0 chars, 1 ints, 0 hex,   0 floats
