Parsed: 16 lines, 19 ids, 0 strings, 0 chars, 0 ints, 0 hex,   0 floats,    0 //s, 1 /**/s,   0 #foo
