Parsed: 10 lines, 99 ids, 0 strings, 0 chars, 1 ints, 0 hex,   0 floats,    0 //s, 0 /**/s,   0 #foo
