Parsed: 13 lines, 60 ids, 0 strings, 0 chars, 0 ints, 0 hex,   0 floats,    4 //s, 0 /**/s,   0 #foo
