../tests/small.c:1:1: TOK 0 (L = 4): "main"
../tests/small.c:1:5: TOK 1 (L = 1): "("
../tests/small.c:1:6: TOK 1 (L = 1): ")"
../tests/small.c:1:7: TOK 1 (L = 1): "{"
../tests/small.c:1:8: TOK 1 (L = 1): "}"
Parsed: 2 lines, 1 ids, 0 strings, 0 chars, 0 ints, 0 hex,   0 floats,    0 //s, 0 /**/s,   0 #foo
