../tests/stray-characters2.c:1:1: TOK 0 (L = 6): "foobar"
../tests/stray-characters2.c:3:1: TOK 0 (L = 3): "int"
../tests/stray-characters2.c:3:5: TOK 0 (L = 152): "DonaudampfschiffahrtselektrizitatenhauptbetriebswerkbauunterbeamtengesellschaftDonaudampfschifffahrtsgesellschaftskapitanRechtsschutzversicherungsgesell"
