Parsed: 24 lines, 46 ids, 2 strings, 0 chars, 1 ints, 0 hex,   0 floats,    1 //s, 2 /**/s,   0 #foo
